---
source: test/src/snapshot/mod.rs
---
> forc build --path test/src/e2e_vm_tests/test_programs/should_pass/language/attributes_deprecated --release
exit status: 0
output:
    Building test/src/e2e_vm_tests/test_programs/should_pass/language/attributes_deprecated
   Compiling library std (test/src/e2e_vm_tests/reduced_std_libs/sway-lib-std-core)
   Compiling contract attributes_deprecated (test/src/e2e_vm_tests/test_programs/should_pass/language/attributes_deprecated)
warning: Struct is deprecated
  --> test/src/e2e_vm_tests/test_programs/should_pass/language/attributes_deprecated/src/main.sw:83:14
   |
...
83 |     let ds = DeprecatedStruct { a: 0 };
   |              ---------------- Struct "DeprecatedStruct" is deprecated.
   |              ---------------- help: Use "NonDeprecatedStruct" instead.
   |
____

warning: Struct field is deprecated
  --> test/src/e2e_vm_tests/test_programs/should_pass/language/attributes_deprecated/src/main.sw:87:17
   |
...
87 |     let _ = nds.deprecated_field;
   |                 ---------------- Struct field "deprecated_field" is deprecated.
   |
____

warning: Struct field is deprecated
  --> test/src/e2e_vm_tests/test_programs/should_pass/language/attributes_deprecated/src/main.sw:89:14
   |
...
89 |     (*r_nds).deprecated_field = 1;
   |              ---------------- Struct field "deprecated_field" is deprecated.
   |
____

warning: Function is deprecated
  --> test/src/e2e_vm_tests/test_programs/should_pass/language/attributes_deprecated/src/main.sw:90:9
   |
...
90 |     nds.deprecated_method();
   |         ----------------- Function "deprecated_method" is deprecated.
   |
____

warning: Function is deprecated
  --> test/src/e2e_vm_tests/test_programs/should_pass/language/attributes_deprecated/src/main.sw:91:9
   |
...
91 |     nds.deprecated_assoc_fun();
   |         -------------------- Function "deprecated_assoc_fun" is deprecated.
   |
____

warning: Constant is deprecated
  --> test/src/e2e_vm_tests/test_programs/should_pass/language/attributes_deprecated/src/main.sw:92:34
   |
...
92 |     let _ = NonDeprecatedStruct::DEPRECATED_ASSOC_CONST;
   |                                  ---------------------- Constant "DEPRECATED_ASSOC_CONST" is deprecated.
   |
____

warning: Enum is deprecated
  --> test/src/e2e_vm_tests/test_programs/should_pass/language/attributes_deprecated/src/main.sw:94:13
   |
...
94 |     let _ = DeprecatedEnum::A(0);
   |             ----------------- Enum "DeprecatedEnum" is deprecated.
   |             ----------------- help: Use "NonDeprecatedEnum" instead.
   |
____

warning: Enum variant is deprecated
  --> test/src/e2e_vm_tests/test_programs/should_pass/language/attributes_deprecated/src/main.sw:95:34
   |
...
95 |     let nde = NonDeprecatedEnum::DeprecatedVariant(0);
   |                                  ----------------- Enum variant "DeprecatedVariant" is deprecated.
   |
____

warning: Function is deprecated
  --> test/src/e2e_vm_tests/test_programs/should_pass/language/attributes_deprecated/src/main.sw:96:9
   |
...
96 |     nde.deprecated_method();
   |         ----------------- Function "deprecated_method" is deprecated.
   |
____

warning: Function is deprecated
  --> test/src/e2e_vm_tests/test_programs/should_pass/language/attributes_deprecated/src/main.sw:97:9
   |
...
97 |     nde.deprecated_assoc_fun();
   |         -------------------- Function "deprecated_assoc_fun" is deprecated.
   |
____

warning: Function is deprecated
   --> test/src/e2e_vm_tests/test_programs/should_pass/language/attributes_deprecated/src/main.sw:101:5
    |
...
101 |     deprecated(ds);
    |     ---------- Function "deprecated" is deprecated.
    |     ---------- help: Use "non_deprecated" instead.
    |
____

warning: Configurable is deprecated
   --> test/src/e2e_vm_tests/test_programs/should_pass/language/attributes_deprecated/src/main.sw:103:13
    |
...
103 |     let _ = DEPRECATED;
    |             ---------- Configurable "DEPRECATED" is deprecated.
    |
____

warning: Function is deprecated
   --> test/src/e2e_vm_tests/test_programs/should_pass/language/attributes_deprecated/src/main.sw:109:9
    |
...
109 |     nds.deprecated_to_be_trait_method();
    |         ----------------------------- Function "deprecated_to_be_trait_method" is deprecated.
    |
____

warning: Function is deprecated
   --> test/src/e2e_vm_tests/test_programs/should_pass/language/attributes_deprecated/src/main.sw:110:9
    |
...
110 |     nds.deprecated_trait_provided_method();
    |         -------------------------------- Function "deprecated_trait_provided_method" is deprecated.
    |
____

warning: Function is deprecated
   --> test/src/e2e_vm_tests/test_programs/should_pass/language/attributes_deprecated/src/main.sw:111:5
    |
...
111 |     NonDeprecatedStruct::deprecated_to_be_trait_assoc_fun();
    |     ----------------------------------------------------- Function "deprecated_to_be_trait_assoc_fun" is deprecated.
    |
____

warning: Function is deprecated
   --> test/src/e2e_vm_tests/test_programs/should_pass/language/attributes_deprecated/src/main.sw:112:5
    |
...
112 |     NonDeprecatedStruct::deprecated_trait_provided_assoc_fun();
    |     -------------------------------------------------------- Function "deprecated_trait_provided_assoc_fun" is deprecated.
    |
____

warning: Struct field is deprecated
   --> test/src/e2e_vm_tests/test_programs/should_pass/language/attributes_deprecated/src/main.sw:119:31
    |
...
119 |         NonDeprecatedStruct { deprecated_field, .. } => {
    |                               ---------------- Struct field "deprecated_field" is deprecated.
    |
____

warning: Function is deprecated
 --> test/src/e2e_vm_tests/test_programs/should_pass/language/attributes_deprecated/src/main.<autogenerated>.sw:5:15
  |
...
5 | let _result = __contract_entry_deprecated_to_be_abi_method();
  |               -------------------------------------------- Function "deprecated_to_be_abi_method" is deprecated.
  |
____

warning: Function is deprecated
 --> test/src/e2e_vm_tests/test_programs/should_pass/language/attributes_deprecated/src/main.<autogenerated>.sw:9:15
  |
...
9 | let _result = __contract_entry_deprecated_abi_provided_method();
  |               ----------------------------------------------- Function "deprecated_abi_provided_method" is deprecated.
  |
____

  Compiled contract "attributes_deprecated" with 19 warnings.
    Finished release [optimized + fuel] target(s) [1.008 KB] in ???
