---
source: test/src/snapshot/mod.rs
---
> forc build --path test/src/e2e_vm_tests/test_programs/should_pass/language/deprecated
exit status: 0
output:
    Building test/src/e2e_vm_tests/test_programs/should_pass/language/deprecated
   Compiling library std (test/src/e2e_vm_tests/reduced_std_libs/sway-lib-std-assert)
   Compiling script deprecated (test/src/e2e_vm_tests/test_programs/should_pass/language/deprecated)
warning
 --> test/src/e2e_vm_tests/test_programs/should_pass/language/deprecated/src/main.<autogenerated>.sw:4:39
  |
2 |                 #[allow(dead_code)]
3 |                 fn abi_encode(self, buffer: Buffer) -> Buffer {
4 |                     let buffer = self.a.abi_encode(buffer);
  |                                       - deprecated struct field
5 | let buffer = self.b.abi_encode(buffer);
6 | 
  |
____

warning
 --> test/src/e2e_vm_tests/test_programs/should_pass/language/deprecated/src/main.<autogenerated>.sw:4:21
  |
2 |                 #[allow(dead_code)]
3 |                 fn abi_decode(ref mut buffer: BufferReader) -> Self {
4 |                     Self { a: buffer.decode::<u64>(),b: buffer.decode::<u64>(), }
  |                     ---- deprecated struct
5 |                 }
6 |             }
  |
____

warning
 --> test/src/e2e_vm_tests/test_programs/should_pass/language/deprecated/src/main.<autogenerated>.sw:5:25
  |
3 |                 fn abi_decode(ref mut buffer: BufferReader) -> Self {
4 |                     let variant: u64 = buffer.decode::<u64>();
5 | match variant { 0 => B::A, 
  |                         - deprecated enum
6 | 1 => B::B, 
7 |  _ => __revert(0), }
  |
____

warning
 --> test/src/e2e_vm_tests/test_programs/should_pass/language/deprecated/src/main.<autogenerated>.sw:6:9
  |
4 |                     let variant: u64 = buffer.decode::<u64>();
5 | match variant { 0 => B::A, 
6 | 1 => B::B, 
  |         - deprecated enum
7 |  _ => __revert(0), }
8 | 
  |
____

warning
 --> test/src/e2e_vm_tests/test_programs/should_pass/language/deprecated/src/main.<autogenerated>.sw:6:9
  |
4 |                     let variant: u64 = buffer.decode::<u64>();
5 | match variant { 0 => B::A, 
6 | 1 => B::B, 
  |         - deprecated enum variant
7 |  _ => __revert(0), }
8 | 
  |
____

warning
  --> test/src/e2e_vm_tests/test_programs/should_pass/language/deprecated/src/main.sw:33:17
   |
31 | // TODO: support for traits, abis and their methods
32 | pub fn main() {
33 |     let mut a = A { a: 0, b: 0 };
   |                 - deprecated struct
34 |     let mut a_ref = &a;
35 |     (*a_ref).a = 1;
   |
____

warning
  --> test/src/e2e_vm_tests/test_programs/should_pass/language/deprecated/src/main.sw:35:14
   |
33 |     let mut a = A { a: 0, b: 0 };
34 |     let mut a_ref = &a;
35 |     (*a_ref).a = 1;
   |              - deprecated struct field
36 |     let b = B::A;
37 |     depr(a);
   |
____

warning
  --> test/src/e2e_vm_tests/test_programs/should_pass/language/deprecated/src/main.sw:36:16
   |
34 |     let mut a_ref = &a;
35 |     (*a_ref).a = 1;
36 |     let b = B::A;
   |                - deprecated enum
37 |     depr(a);
38 |     depr(A { a: 0, b: 0  });
   |
____

warning
  --> test/src/e2e_vm_tests/test_programs/should_pass/language/deprecated/src/main.sw:37:5
   |
35 |     (*a_ref).a = 1;
36 |     let b = B::A;
37 |     depr(a);
   |     ---- deprecated function
38 |     depr(A { a: 0, b: 0  });
39 |     depr_b(b);
   |
____

warning
  --> test/src/e2e_vm_tests/test_programs/should_pass/language/deprecated/src/main.sw:38:10
   |
36 |     let b = B::A;
37 |     depr(a);
38 |     depr(A { a: 0, b: 0  });
   |          - deprecated struct
39 |     depr_b(b);
40 |     depr_b(B::A);
   |
____

warning
  --> test/src/e2e_vm_tests/test_programs/should_pass/language/deprecated/src/main.sw:38:5
   |
36 |     let b = B::A;
37 |     depr(a);
38 |     depr(A { a: 0, b: 0  });
   |     ---- deprecated function
39 |     depr_b(b);
40 |     depr_b(B::A);
   |
____

warning
  --> test/src/e2e_vm_tests/test_programs/should_pass/language/deprecated/src/main.sw:39:5
   |
37 |     depr(a);
38 |     depr(A { a: 0, b: 0  });
39 |     depr_b(b);
   |     ------ deprecated function
40 |     depr_b(B::A);
41 |     fun(a);
   |
____

warning
  --> test/src/e2e_vm_tests/test_programs/should_pass/language/deprecated/src/main.sw:40:15
   |
38 |     depr(A { a: 0, b: 0  });
39 |     depr_b(b);
40 |     depr_b(B::A);
   |               - deprecated enum
41 |     fun(a);
42 |     fun(A { a: 0, b: 0 });
   |
____

warning
  --> test/src/e2e_vm_tests/test_programs/should_pass/language/deprecated/src/main.sw:40:5
   |
38 |     depr(A { a: 0, b: 0  });
39 |     depr_b(b);
40 |     depr_b(B::A);
   |     ------ deprecated function
41 |     fun(a);
42 |     fun(A { a: 0, b: 0 });
   |
____

warning
  --> test/src/e2e_vm_tests/test_programs/should_pass/language/deprecated/src/main.sw:42:9
   |
40 |     depr_b(B::A);
41 |     fun(a);
42 |     fun(A { a: 0, b: 0 });
   |         - deprecated struct
43 |     let _ = a.a;
44 |     let _ = a.b;
   |
____

warning
  --> test/src/e2e_vm_tests/test_programs/should_pass/language/deprecated/src/main.sw:43:15
   |
41 |     fun(a);
42 |     fun(A { a: 0, b: 0 });
43 |     let _ = a.a;
   |               - deprecated struct field
44 |     let _ = a.b;
45 |     let _ = B::A;
   |
____

warning
  --> test/src/e2e_vm_tests/test_programs/should_pass/language/deprecated/src/main.sw:45:16
   |
43 |     let _ = a.a;
44 |     let _ = a.b;
45 |     let _ = B::A;
   |                - deprecated enum
46 |     let _ = B::B;
47 |     a.fun();
   |
____

warning
  --> test/src/e2e_vm_tests/test_programs/should_pass/language/deprecated/src/main.sw:46:16
   |
44 |     let _ = a.b;
45 |     let _ = B::A;
46 |     let _ = B::B;
   |                - deprecated enum
47 |     a.fun();
48 | }
   |
____

warning
  --> test/src/e2e_vm_tests/test_programs/should_pass/language/deprecated/src/main.sw:46:16
   |
44 |     let _ = a.b;
45 |     let _ = B::A;
46 |     let _ = B::B;
   |                - deprecated enum variant
47 |     a.fun();
48 | }
   |
____

warning
  --> test/src/e2e_vm_tests/test_programs/should_pass/language/deprecated/src/main.sw:47:7
   |
45 |     let _ = B::A;
46 |     let _ = B::B;
47 |     a.fun();
   |       --- deprecated struct
48 | }
   |
____

warning
  --> test/src/e2e_vm_tests/test_programs/should_pass/language/deprecated/src/main.sw:47:7
   |
45 |     let _ = B::A;
46 |     let _ = B::B;
47 |     a.fun();
   |       --- deprecated function
48 | }
   |
____

  Compiled script "deprecated" with 21 warnings.
    Finished debug [unoptimized + fuel] target(s) [312 B] in ???
