---
source: test/src/snapshot/mod.rs
---
> forc test --path test/src/e2e_vm_tests/test_programs/should_pass/test_contracts/const_of_contract_call --release --experimental const_generics
exit status: 101
output:
    Building test/src/e2e_vm_tests/test_programs/should_pass/test_contracts/const_of_contract_call
   Compiling library std (test/src/e2e_vm_tests/reduced_std_libs/sway-lib-std-core)
   Compiling contract const_of_contract_call (test/src/e2e_vm_tests/test_programs/should_pass/test_contracts/const_of_contract_call)
    Finished release [optimized + fuel] target(s) [38.76 KB] in ???
     Running 29 tests, filtered 0 tests

tested -- const_of_contract_call

      test cost_of_in_bool ... ok (???, 2627 gas)
      test cost_of_in_u8 ... ok (???, 4874 gas)
      test cost_of_in_u16 ... ok (???, 4493 gas)
      test cost_of_in_u32 ... ok (???, 4926 gas)
      test cost_of_in_u64 ... ok (???, 4934 gas)
      test cost_of_in_u256 ... ok (???, 4777 gas)
      test cost_of_in_b256 ... ok (???, 2491 gas)
      test cost_of_in_str_0 ... ok (???, 3043 gas)
      test cost_of_in_str_1 ... ok (???, 3345 gas)
      test cost_of_in_str_8 ... ok (???, 3768 gas)
      test cost_of_in_str_16 ... ok (???, 3374 gas)
      test cost_of_in_str_32 ... ok (???, 3572 gas)
      test cost_of_in_array_0 ... FAILED (???, 1632 gas)
      test cost_of_in_array_1 ... ok (???, 2125 gas)
      test cost_of_in_array_8 ... ok (???, 4724 gas)
      test cost_of_in_array_16 ... ok (???, 5096 gas)
      test cost_of_in_array_32 ... ok (???, 8421 gas)
      test cost_of_in_array_64 ... ok (???, 14895 gas)
      test cost_of_in_tuple_0 ... ok (???, 3822 gas)
      test cost_of_in_tuple_1 ... ok (???, 4392 gas)
      test cost_of_in_tuple_2 ... ok (???, 4761 gas)
      test cost_of_in_tuple_3 ... ok (???, 5104 gas)
      test cost_of_in_tuple_4 ... ok (???, 5468 gas)
      test in_struct_u64 ... ok (???, 3635 gas)
      test in_struct_u64_u64 ... ok (???, 3897 gas)
      test in_struct_u64_u64_u64 ... ok (???, 4156 gas)
      test in_enum_u64 ... ok (???, 3186 gas)
      test in_enum_u64_u64 ... ok (???, 3061 gas)
      test in_enum_u64_u64_u64 ... ok (???, 3173 gas)

   failures:
      test cost_of_in_array_0, "test/src/e2e_vm_tests/test_programs/should_pass/test_contracts/const_of_contract_call/src/main.sw":347
           revert code: 0



test result: FAILED. 28 passed; 1 failed; finished in ???

    Finished in ???
error: Some tests failed.

> Block: ARRAY0
> replace-file src/main.sw "fn cost_of_in" "fn isolated_cost_of_in"

> forc test --path test/src/e2e_vm_tests/test_programs/should_pass/test_contracts/const_of_contract_call --release --experimental const_generics
exit status: 101
output:
    Building test/src/e2e_vm_tests/test_programs/should_pass/test_contracts/const_of_contract_call
   Compiling library std (test/src/e2e_vm_tests/reduced_std_libs/sway-lib-std-core)
   Compiling contract const_of_contract_call (test/src/e2e_vm_tests/test_programs/should_pass/test_contracts/const_of_contract_call)
    Finished release [optimized + fuel] target(s) [2.448 KB] in ???
     Running 1 test, filtered 0 tests

tested -- const_of_contract_call

      test isolated_cost_of_in_array_0 ... FAILED (???, 1262 gas)

   failures:
      test isolated_cost_of_in_array_0, "test/src/e2e_vm_tests/test_programs/should_pass/test_contracts/const_of_contract_call/src/main.sw":175
           revert code: 0



test result: FAILED. 0 passed; 1 failed; finished in ???

    Finished in ???
error: Some tests failed.

> Block: ARRAY1
> replace-file src/main.sw "fn cost_of_in" "fn isolated_cost_of_in"

> forc test --path test/src/e2e_vm_tests/test_programs/should_pass/test_contracts/const_of_contract_call --release --experimental const_generics
exit status: 0
output:
    Building test/src/e2e_vm_tests/test_programs/should_pass/test_contracts/const_of_contract_call
   Compiling library std (test/src/e2e_vm_tests/reduced_std_libs/sway-lib-std-core)
   Compiling contract const_of_contract_call (test/src/e2e_vm_tests/test_programs/should_pass/test_contracts/const_of_contract_call)
    Finished release [optimized + fuel] target(s) [2.624 KB] in ???
     Running 1 test, filtered 0 tests

tested -- const_of_contract_call

      test isolated_cost_of_in_array_1 ... ok (???, 1515 gas)

test result: OK. 1 passed; 0 failed; finished in ???

    Finished in ???

> Block: ARRAY16
> replace-file src/main.sw "fn cost_of_in" "fn isolated_cost_of_in"

> forc test --path test/src/e2e_vm_tests/test_programs/should_pass/test_contracts/const_of_contract_call --release --experimental const_generics
exit status: 0
output:
    Building test/src/e2e_vm_tests/test_programs/should_pass/test_contracts/const_of_contract_call
   Compiling library std (test/src/e2e_vm_tests/reduced_std_libs/sway-lib-std-core)
   Compiling contract const_of_contract_call (test/src/e2e_vm_tests/test_programs/should_pass/test_contracts/const_of_contract_call)
    Finished release [optimized + fuel] target(s) [2.648 KB] in ???
     Running 1 test, filtered 0 tests

tested -- const_of_contract_call

      test isolated_cost_of_in_array_16 ... ok (???, 3955 gas)

test result: OK. 1 passed; 0 failed; finished in ???

    Finished in ???

> Block: ARRAY32
> replace-file src/main.sw "fn cost_of_in" "fn isolated_cost_of_in"

> forc test --path test/src/e2e_vm_tests/test_programs/should_pass/test_contracts/const_of_contract_call --release --experimental const_generics
exit status: 0
output:
    Building test/src/e2e_vm_tests/test_programs/should_pass/test_contracts/const_of_contract_call
   Compiling library std (test/src/e2e_vm_tests/reduced_std_libs/sway-lib-std-core)
   Compiling contract const_of_contract_call (test/src/e2e_vm_tests/test_programs/should_pass/test_contracts/const_of_contract_call)
    Finished release [optimized + fuel] target(s) [2.648 KB] in ???
     Running 1 test, filtered 0 tests

tested -- const_of_contract_call

      test isolated_cost_of_in_array_32 ... ok (???, 6544 gas)

test result: OK. 1 passed; 0 failed; finished in ???

    Finished in ???

> Block: ARRAY64
> replace-file src/main.sw "fn cost_of_in" "fn isolated_cost_of_in"

> forc test --path test/src/e2e_vm_tests/test_programs/should_pass/test_contracts/const_of_contract_call --release --experimental const_generics
exit status: 0
output:
    Building test/src/e2e_vm_tests/test_programs/should_pass/test_contracts/const_of_contract_call
   Compiling library std (test/src/e2e_vm_tests/reduced_std_libs/sway-lib-std-core)
   Compiling contract const_of_contract_call (test/src/e2e_vm_tests/test_programs/should_pass/test_contracts/const_of_contract_call)
    Finished release [optimized + fuel] target(s) [2.848 KB] in ???
     Running 1 test, filtered 0 tests

tested -- const_of_contract_call

      test isolated_cost_of_in_array_64 ... ok (???, 11787 gas)

test result: OK. 1 passed; 0 failed; finished in ???

    Finished in ???

> Block: ARRAY8
> replace-file src/main.sw "fn cost_of_in" "fn isolated_cost_of_in"

> forc test --path test/src/e2e_vm_tests/test_programs/should_pass/test_contracts/const_of_contract_call --release --experimental const_generics
exit status: 0
output:
    Building test/src/e2e_vm_tests/test_programs/should_pass/test_contracts/const_of_contract_call
   Compiling library std (test/src/e2e_vm_tests/reduced_std_libs/sway-lib-std-core)
   Compiling contract const_of_contract_call (test/src/e2e_vm_tests/test_programs/should_pass/test_contracts/const_of_contract_call)
    Finished release [optimized + fuel] target(s) [2.784 KB] in ???
     Running 1 test, filtered 0 tests

tested -- const_of_contract_call

      test isolated_cost_of_in_array_8 ... ok (???, 3225 gas)

test result: OK. 1 passed; 0 failed; finished in ???

    Finished in ???

> Block: B256
> replace-file src/main.sw "fn cost_of_in" "fn isolated_cost_of_in"

> forc test --path test/src/e2e_vm_tests/test_programs/should_pass/test_contracts/const_of_contract_call --release --experimental const_generics
exit status: 0
output:
    Building test/src/e2e_vm_tests/test_programs/should_pass/test_contracts/const_of_contract_call
   Compiling library std (test/src/e2e_vm_tests/reduced_std_libs/sway-lib-std-core)
   Compiling contract const_of_contract_call (test/src/e2e_vm_tests/test_programs/should_pass/test_contracts/const_of_contract_call)
    Finished release [optimized + fuel] target(s) [2.504 KB] in ???
     Running 1 test, filtered 0 tests

tested -- const_of_contract_call

      test isolated_cost_of_in_b256 ... ok (???, 1462 gas)

test result: OK. 1 passed; 0 failed; finished in ???

    Finished in ???

> Block: BOOL
> replace-file src/main.sw "fn cost_of_in" "fn isolated_cost_of_in"

> forc test --path test/src/e2e_vm_tests/test_programs/should_pass/test_contracts/const_of_contract_call --release --experimental const_generics
exit status: 0
output:
    Building test/src/e2e_vm_tests/test_programs/should_pass/test_contracts/const_of_contract_call
   Compiling library std (test/src/e2e_vm_tests/reduced_std_libs/sway-lib-std-core)
   Compiling contract const_of_contract_call (test/src/e2e_vm_tests/test_programs/should_pass/test_contracts/const_of_contract_call)
    Finished release [optimized + fuel] target(s) [2.504 KB] in ???
     Running 1 test, filtered 0 tests

tested -- const_of_contract_call

      test isolated_cost_of_in_bool ... ok (???, 1358 gas)

test result: OK. 1 passed; 0 failed; finished in ???

    Finished in ???

> Block: ENUM_U64
> replace-file src/main.sw "fn cost_of_in" "fn isolated_cost_of_in"

> forc test --path test/src/e2e_vm_tests/test_programs/should_pass/test_contracts/const_of_contract_call --release --experimental const_generics
exit status: 0
output:
    Building test/src/e2e_vm_tests/test_programs/should_pass/test_contracts/const_of_contract_call
   Compiling library std (test/src/e2e_vm_tests/reduced_std_libs/sway-lib-std-core)
   Compiling contract const_of_contract_call (test/src/e2e_vm_tests/test_programs/should_pass/test_contracts/const_of_contract_call)
    Finished release [optimized + fuel] target(s) [2.632 KB] in ???
     Running 1 test, filtered 0 tests

tested -- const_of_contract_call

      test in_enum_u64 ... ok (???, 1644 gas)

test result: OK. 1 passed; 0 failed; finished in ???

    Finished in ???

> Block: ENUM_U64_U64
> replace-file src/main.sw "fn cost_of_in" "fn isolated_cost_of_in"

> forc test --path test/src/e2e_vm_tests/test_programs/should_pass/test_contracts/const_of_contract_call --release --experimental const_generics
exit status: 0
output:
    Building test/src/e2e_vm_tests/test_programs/should_pass/test_contracts/const_of_contract_call
   Compiling library std (test/src/e2e_vm_tests/reduced_std_libs/sway-lib-std-core)
   Compiling contract const_of_contract_call (test/src/e2e_vm_tests/test_programs/should_pass/test_contracts/const_of_contract_call)
    Finished release [optimized + fuel] target(s) [2.784 KB] in ???
     Running 1 test, filtered 0 tests

tested -- const_of_contract_call

      test in_enum_u64_u64 ... ok (???, 1658 gas)

test result: OK. 1 passed; 0 failed; finished in ???

    Finished in ???

> Block: ENUM_U64_U64_U64
> replace-file src/main.sw "fn cost_of_in" "fn isolated_cost_of_in"

> forc test --path test/src/e2e_vm_tests/test_programs/should_pass/test_contracts/const_of_contract_call --release --experimental const_generics
exit status: 0
output:
    Building test/src/e2e_vm_tests/test_programs/should_pass/test_contracts/const_of_contract_call
   Compiling library std (test/src/e2e_vm_tests/reduced_std_libs/sway-lib-std-core)
   Compiling contract const_of_contract_call (test/src/e2e_vm_tests/test_programs/should_pass/test_contracts/const_of_contract_call)
    Finished release [optimized + fuel] target(s) [2.96 KB] in ???
     Running 1 test, filtered 0 tests

tested -- const_of_contract_call

      test in_enum_u64_u64_u64 ... ok (???, 1661 gas)

test result: OK. 1 passed; 0 failed; finished in ???

    Finished in ???

> Block: STR0
> replace-file src/main.sw "fn cost_of_in" "fn isolated_cost_of_in"

> forc test --path test/src/e2e_vm_tests/test_programs/should_pass/test_contracts/const_of_contract_call --release --experimental const_generics
exit status: 0
output:
    Building test/src/e2e_vm_tests/test_programs/should_pass/test_contracts/const_of_contract_call
   Compiling library std (test/src/e2e_vm_tests/reduced_std_libs/sway-lib-std-core)
   Compiling contract const_of_contract_call (test/src/e2e_vm_tests/test_programs/should_pass/test_contracts/const_of_contract_call)
    Finished release [optimized + fuel] target(s) [2.536 KB] in ???
     Running 1 test, filtered 0 tests

tested -- const_of_contract_call

      test isolated_cost_of_in_str_0 ... ok (???, 1451 gas)

test result: OK. 1 passed; 0 failed; finished in ???

    Finished in ???

> Block: STR1
> replace-file src/main.sw "fn cost_of_in" "fn isolated_cost_of_in"

> forc test --path test/src/e2e_vm_tests/test_programs/should_pass/test_contracts/const_of_contract_call --release --experimental const_generics
exit status: 0
output:
    Building test/src/e2e_vm_tests/test_programs/should_pass/test_contracts/const_of_contract_call
   Compiling library std (test/src/e2e_vm_tests/reduced_std_libs/sway-lib-std-core)
   Compiling contract const_of_contract_call (test/src/e2e_vm_tests/test_programs/should_pass/test_contracts/const_of_contract_call)
    Finished release [optimized + fuel] target(s) [2.736 KB] in ???
     Running 1 test, filtered 0 tests

tested -- const_of_contract_call

      test isolated_cost_of_in_str_1 ... ok (???, 1547 gas)

test result: OK. 1 passed; 0 failed; finished in ???

    Finished in ???

> Block: STR16
> replace-file src/main.sw "fn cost_of_in" "fn isolated_cost_of_in"

> forc test --path test/src/e2e_vm_tests/test_programs/should_pass/test_contracts/const_of_contract_call --release --experimental const_generics
exit status: 0
output:
    Building test/src/e2e_vm_tests/test_programs/should_pass/test_contracts/const_of_contract_call
   Compiling library std (test/src/e2e_vm_tests/reduced_std_libs/sway-lib-std-core)
   Compiling contract const_of_contract_call (test/src/e2e_vm_tests/test_programs/should_pass/test_contracts/const_of_contract_call)
    Finished release [optimized + fuel] target(s) [2.776 KB] in ???
     Running 1 test, filtered 0 tests

tested -- const_of_contract_call

      test isolated_cost_of_in_str_16 ... ok (???, 1552 gas)

test result: OK. 1 passed; 0 failed; finished in ???

    Finished in ???

> Block: STR32
> replace-file src/main.sw "fn cost_of_in" "fn isolated_cost_of_in"

> forc test --path test/src/e2e_vm_tests/test_programs/should_pass/test_contracts/const_of_contract_call --release --experimental const_generics
exit status: 0
output:
    Building test/src/e2e_vm_tests/test_programs/should_pass/test_contracts/const_of_contract_call
   Compiling library std (test/src/e2e_vm_tests/reduced_std_libs/sway-lib-std-core)
   Compiling contract const_of_contract_call (test/src/e2e_vm_tests/test_programs/should_pass/test_contracts/const_of_contract_call)
    Finished release [optimized + fuel] target(s) [2.792 KB] in ???
     Running 1 test, filtered 0 tests

tested -- const_of_contract_call

      test isolated_cost_of_in_str_32 ... ok (???, 1553 gas)

test result: OK. 1 passed; 0 failed; finished in ???

    Finished in ???

> Block: STR8
> replace-file src/main.sw "fn cost_of_in" "fn isolated_cost_of_in"

> forc test --path test/src/e2e_vm_tests/test_programs/should_pass/test_contracts/const_of_contract_call --release --experimental const_generics
exit status: 0
output:
    Building test/src/e2e_vm_tests/test_programs/should_pass/test_contracts/const_of_contract_call
   Compiling library std (test/src/e2e_vm_tests/reduced_std_libs/sway-lib-std-core)
   Compiling contract const_of_contract_call (test/src/e2e_vm_tests/test_programs/should_pass/test_contracts/const_of_contract_call)
    Finished release [optimized + fuel] target(s) [2.752 KB] in ???
     Running 1 test, filtered 0 tests

tested -- const_of_contract_call

      test isolated_cost_of_in_str_8 ... ok (???, 1551 gas)

test result: OK. 1 passed; 0 failed; finished in ???

    Finished in ???

> Block: STRUCT_U64
> replace-file src/main.sw "fn cost_of_in" "fn isolated_cost_of_in"

> forc test --path test/src/e2e_vm_tests/test_programs/should_pass/test_contracts/const_of_contract_call --release --experimental const_generics
exit status: 0
output:
    Building test/src/e2e_vm_tests/test_programs/should_pass/test_contracts/const_of_contract_call
   Compiling library std (test/src/e2e_vm_tests/reduced_std_libs/sway-lib-std-core)
   Compiling contract const_of_contract_call (test/src/e2e_vm_tests/test_programs/should_pass/test_contracts/const_of_contract_call)
    Finished release [optimized + fuel] target(s) [2.496 KB] in ???
     Running 1 test, filtered 0 tests

tested -- const_of_contract_call

      test in_struct_u64 ... ok (???, 1435 gas)

test result: OK. 1 passed; 0 failed; finished in ???

    Finished in ???

> Block: STRUCT_U64_U64
> replace-file src/main.sw "fn cost_of_in" "fn isolated_cost_of_in"

> forc test --path test/src/e2e_vm_tests/test_programs/should_pass/test_contracts/const_of_contract_call --release --experimental const_generics
exit status: 0
output:
    Building test/src/e2e_vm_tests/test_programs/should_pass/test_contracts/const_of_contract_call
   Compiling library std (test/src/e2e_vm_tests/reduced_std_libs/sway-lib-std-core)
   Compiling contract const_of_contract_call (test/src/e2e_vm_tests/test_programs/should_pass/test_contracts/const_of_contract_call)
    Finished release [optimized + fuel] target(s) [2.576 KB] in ???
     Running 1 test, filtered 0 tests

tested -- const_of_contract_call

      test in_struct_u64_u64 ... ok (???, 1615 gas)

test result: OK. 1 passed; 0 failed; finished in ???

    Finished in ???

> Block: STRUCT_U64_U64_U64
> replace-file src/main.sw "fn cost_of_in" "fn isolated_cost_of_in"

> forc test --path test/src/e2e_vm_tests/test_programs/should_pass/test_contracts/const_of_contract_call --release --experimental const_generics
exit status: 0
output:
    Building test/src/e2e_vm_tests/test_programs/should_pass/test_contracts/const_of_contract_call
   Compiling library std (test/src/e2e_vm_tests/reduced_std_libs/sway-lib-std-core)
   Compiling contract const_of_contract_call (test/src/e2e_vm_tests/test_programs/should_pass/test_contracts/const_of_contract_call)
    Finished release [optimized + fuel] target(s) [2.648 KB] in ???
     Running 1 test, filtered 0 tests

tested -- const_of_contract_call

      test in_struct_u64_u64_u64 ... ok (???, 1766 gas)

test result: OK. 1 passed; 0 failed; finished in ???

    Finished in ???

> Block: TUPLE0
> replace-file src/main.sw "fn cost_of_in" "fn isolated_cost_of_in"

> forc test --path test/src/e2e_vm_tests/test_programs/should_pass/test_contracts/const_of_contract_call --release --experimental const_generics
exit status: 0
output:
    Building test/src/e2e_vm_tests/test_programs/should_pass/test_contracts/const_of_contract_call
   Compiling library std (test/src/e2e_vm_tests/reduced_std_libs/sway-lib-std-core)
   Compiling contract const_of_contract_call (test/src/e2e_vm_tests/test_programs/should_pass/test_contracts/const_of_contract_call)
    Finished release [optimized + fuel] target(s) [2.024 KB] in ???
     Running 1 test, filtered 0 tests

tested -- const_of_contract_call

      test isolated_cost_of_in_tuple_0 ... ok (???, 1131 gas)

test result: OK. 1 passed; 0 failed; finished in ???

    Finished in ???

> Block: TUPLE1
> replace-file src/main.sw "fn cost_of_in" "fn isolated_cost_of_in"

> forc test --path test/src/e2e_vm_tests/test_programs/should_pass/test_contracts/const_of_contract_call --release --experimental const_generics
exit status: 0
output:
    Building test/src/e2e_vm_tests/test_programs/should_pass/test_contracts/const_of_contract_call
   Compiling library std (test/src/e2e_vm_tests/reduced_std_libs/sway-lib-std-core)
   Compiling contract const_of_contract_call (test/src/e2e_vm_tests/test_programs/should_pass/test_contracts/const_of_contract_call)
    Finished release [optimized + fuel] target(s) [2.44 KB] in ???
     Running 1 test, filtered 0 tests

tested -- const_of_contract_call

      test isolated_cost_of_in_tuple_1 ... ok (???, 1412 gas)

test result: OK. 1 passed; 0 failed; finished in ???

    Finished in ???

> Block: TUPLE2
> replace-file src/main.sw "fn cost_of_in" "fn isolated_cost_of_in"

> forc test --path test/src/e2e_vm_tests/test_programs/should_pass/test_contracts/const_of_contract_call --release --experimental const_generics
exit status: 0
output:
    Building test/src/e2e_vm_tests/test_programs/should_pass/test_contracts/const_of_contract_call
   Compiling library std (test/src/e2e_vm_tests/reduced_std_libs/sway-lib-std-core)
   Compiling contract const_of_contract_call (test/src/e2e_vm_tests/test_programs/should_pass/test_contracts/const_of_contract_call)
    Finished release [optimized + fuel] target(s) [2.568 KB] in ???
     Running 1 test, filtered 0 tests

tested -- const_of_contract_call

      test isolated_cost_of_in_tuple_2 ... ok (???, 1615 gas)

test result: OK. 1 passed; 0 failed; finished in ???

    Finished in ???

> Block: TUPLE3
> replace-file src/main.sw "fn cost_of_in" "fn isolated_cost_of_in"

> forc test --path test/src/e2e_vm_tests/test_programs/should_pass/test_contracts/const_of_contract_call --release --experimental const_generics
exit status: 0
output:
    Building test/src/e2e_vm_tests/test_programs/should_pass/test_contracts/const_of_contract_call
   Compiling library std (test/src/e2e_vm_tests/reduced_std_libs/sway-lib-std-core)
   Compiling contract const_of_contract_call (test/src/e2e_vm_tests/test_programs/should_pass/test_contracts/const_of_contract_call)
    Finished release [optimized + fuel] target(s) [2.64 KB] in ???
     Running 1 test, filtered 0 tests

tested -- const_of_contract_call

      test isolated_cost_of_in_tuple_3 ... ok (???, 1766 gas)

test result: OK. 1 passed; 0 failed; finished in ???

    Finished in ???

> Block: TUPLE4
> replace-file src/main.sw "fn cost_of_in" "fn isolated_cost_of_in"

> forc test --path test/src/e2e_vm_tests/test_programs/should_pass/test_contracts/const_of_contract_call --release --experimental const_generics
exit status: 0
output:
    Building test/src/e2e_vm_tests/test_programs/should_pass/test_contracts/const_of_contract_call
   Compiling library std (test/src/e2e_vm_tests/reduced_std_libs/sway-lib-std-core)
   Compiling contract const_of_contract_call (test/src/e2e_vm_tests/test_programs/should_pass/test_contracts/const_of_contract_call)
    Finished release [optimized + fuel] target(s) [2.704 KB] in ???
     Running 1 test, filtered 0 tests

tested -- const_of_contract_call

      test isolated_cost_of_in_tuple_4 ... ok (???, 1916 gas)

test result: OK. 1 passed; 0 failed; finished in ???

    Finished in ???

> Block: U16
> replace-file src/main.sw "fn cost_of_in" "fn isolated_cost_of_in"

> forc test --path test/src/e2e_vm_tests/test_programs/should_pass/test_contracts/const_of_contract_call --release --experimental const_generics
exit status: 0
output:
    Building test/src/e2e_vm_tests/test_programs/should_pass/test_contracts/const_of_contract_call
   Compiling library std (test/src/e2e_vm_tests/reduced_std_libs/sway-lib-std-core)
   Compiling contract const_of_contract_call (test/src/e2e_vm_tests/test_programs/should_pass/test_contracts/const_of_contract_call)
    Finished release [optimized + fuel] target(s) [2.528 KB] in ???
     Running 1 test, filtered 0 tests

tested -- const_of_contract_call

      test isolated_cost_of_in_u16 ... ok (???, 1428 gas)

test result: OK. 1 passed; 0 failed; finished in ???

    Finished in ???

> Block: U256
> replace-file src/main.sw "fn cost_of_in" "fn isolated_cost_of_in"

> forc test --path test/src/e2e_vm_tests/test_programs/should_pass/test_contracts/const_of_contract_call --release --experimental const_generics
exit status: 0
output:
    Building test/src/e2e_vm_tests/test_programs/should_pass/test_contracts/const_of_contract_call
   Compiling library std (test/src/e2e_vm_tests/reduced_std_libs/sway-lib-std-core)
   Compiling contract const_of_contract_call (test/src/e2e_vm_tests/test_programs/should_pass/test_contracts/const_of_contract_call)
    Finished release [optimized + fuel] target(s) [2.616 KB] in ???
     Running 1 test, filtered 0 tests

tested -- const_of_contract_call

      test isolated_cost_of_in_u256 ... ok (???, 1431 gas)

test result: OK. 1 passed; 0 failed; finished in ???

    Finished in ???

> Block: U32
> replace-file src/main.sw "fn cost_of_in" "fn isolated_cost_of_in"

> forc test --path test/src/e2e_vm_tests/test_programs/should_pass/test_contracts/const_of_contract_call --release --experimental const_generics
exit status: 0
output:
    Building test/src/e2e_vm_tests/test_programs/should_pass/test_contracts/const_of_contract_call
   Compiling library std (test/src/e2e_vm_tests/reduced_std_libs/sway-lib-std-core)
   Compiling contract const_of_contract_call (test/src/e2e_vm_tests/test_programs/should_pass/test_contracts/const_of_contract_call)
    Finished release [optimized + fuel] target(s) [2.64 KB] in ???
     Running 1 test, filtered 0 tests

tested -- const_of_contract_call

      test isolated_cost_of_in_u32 ... ok (???, 1554 gas)

test result: OK. 1 passed; 0 failed; finished in ???

    Finished in ???

> Block: U64
> replace-file src/main.sw "fn cost_of_in" "fn isolated_cost_of_in"

> forc test --path test/src/e2e_vm_tests/test_programs/should_pass/test_contracts/const_of_contract_call --release --experimental const_generics
exit status: 0
output:
    Building test/src/e2e_vm_tests/test_programs/should_pass/test_contracts/const_of_contract_call
   Compiling library std (test/src/e2e_vm_tests/reduced_std_libs/sway-lib-std-core)
   Compiling contract const_of_contract_call (test/src/e2e_vm_tests/test_programs/should_pass/test_contracts/const_of_contract_call)
    Finished release [optimized + fuel] target(s) [2.256 KB] in ???
     Running 1 test, filtered 0 tests

tested -- const_of_contract_call

      test isolated_cost_of_in_u64 ... ok (???, 1336 gas)

test result: OK. 1 passed; 0 failed; finished in ???

    Finished in ???

> Block: U8
> replace-file src/main.sw "fn cost_of_in" "fn isolated_cost_of_in"

> forc test --path test/src/e2e_vm_tests/test_programs/should_pass/test_contracts/const_of_contract_call --release --experimental const_generics
exit status: 0
output:
    Building test/src/e2e_vm_tests/test_programs/should_pass/test_contracts/const_of_contract_call
   Compiling library std (test/src/e2e_vm_tests/reduced_std_libs/sway-lib-std-core)
   Compiling contract const_of_contract_call (test/src/e2e_vm_tests/test_programs/should_pass/test_contracts/const_of_contract_call)
    Finished release [optimized + fuel] target(s) [2.472 KB] in ???
     Running 1 test, filtered 0 tests

tested -- const_of_contract_call

      test isolated_cost_of_in_u8 ... ok (???, 1352 gas)

test result: OK. 1 passed; 0 failed; finished in ???

    Finished in ???
